// Jest Snapshot v1, https://goo.gl/fbAQLP

exports[`PromoImage render placeholder image while imageUrl is empty 1`] = `""`;
